========= FILE ./src/runtime/tests/fixtures/forloop_empty_list/forloop_empty_list.ir.actual ========
fn2 () {
block0:
  LOAD_UPVAL i_0
  t1 = 0
  n_0 = i_0[t1]
  t5 = i_0[t1]
  LOAD_UPVAL self_0
  t7 =  # self_0
  t8 = t5 < t7
  jnt t8 block3
  next block1

block1:
  t10 = i_0[t1]
  t11 = 1
  t12 = t10 + t11
  i_0[t1] = t12
  t14 = self_0[n_0]
  RETURN t14

block3:
  t15 = null
  RETURN t15

}
fn1 (self_0) {
block0:
  t1 = NEW_LIST
  t2 = 0
  t1 << t2
  t5 = fn2
  STORE_UPVAL t5, t1
  STORE_UPVAL t5, self_0
  RETURN t5

}
MAIN () {
block0:
  t0 = #list
  t1 = #iter
  t2 = fn1
  patch_0 = #patch
  STORE_ARG t0
  STORE_ARG t1
  STORE_ARG t2
  t4 = CALL patch_0
  empty_0 = NEW_LIST
  count_0 = 0
  t10 = empty_0[t1]
  t11 = CALL t10
  next block1(count_0)

block1(count_1):
  item_0 = CALL t11
  t13 = null
  t14 = item_0 == t13
  jit t14 block3
  next block2

block2:
  t15 = 1
  count_2 = count_1 + t15
  jump block1(count_2)

block3:
  PRINT count_1
  RETURN t13

}
