========= FILE ./src/runtime/tests/fixtures/forloop_empty_list/forloop_empty_list.ast.actual ========
[
    Expr(
        Spanned {
            item: Call {
                calle: Spanned {
                    item: Value(
                        Ident(
                            10,
                        ),
                    ),
                    span: Span {
                        start: 54,
                        end: 59,
                    },
                },
                args: [
                    Spanned {
                        item: Value(
                            Symbol(
                                6,
                            ),
                        ),
                        span: Span {
                            start: 60,
                            end: 66,
                        },
                    },
                    Spanned {
                        item: Value(
                            Symbol(
                                12,
                            ),
                        ),
                        span: Span {
                            start: 67,
                            end: 73,
                        },
                    },
                    Spanned {
                        item: Value(
                            InlineFunc {
                                inputs: Spanned {
                                    item: [
                                        11,
                                    ],
                                    span: Span {
                                        start: 77,
                                        end: 82,
                                    },
                                },
                                stmts: [
                                    Assign {
                                        dest: Spanned {
                                            item: Local(
                                                14,
                                            ),
                                            span: Span {
                                                start: 87,
                                                end: 90,
                                            },
                                        },
                                        src: Spanned {
                                            item: Value(
                                                List(
                                                    [
                                                        Spanned {
                                                            item: Value(
                                                                Int(
                                                                    0,
                                                                ),
                                                            ),
                                                            span: Span {
                                                                start: 92,
                                                                end: 94,
                                                            },
                                                        },
                                                    ],
                                                ),
                                            ),
                                            span: Span {
                                                start: 91,
                                                end: 95,
                                            },
                                        },
                                    },
                                    Return(
                                        Some(
                                            Spanned {
                                                item: Value(
                                                    InlineFunc {
                                                        inputs: Spanned {
                                                            item: [],
                                                            span: Span {
                                                                start: 108,
                                                                end: 109,
                                                            },
                                                        },
                                                        stmts: [
                                                            Assign {
                                                                dest: Spanned {
                                                                    item: Local(
                                                                        15,
                                                                    ),
                                                                    span: Span {
                                                                        start: 116,
                                                                        end: 119,
                                                                    },
                                                                },
                                                                src: Spanned {
                                                                    item: Index {
                                                                        store: Spanned {
                                                                            item: Value(
                                                                                Ident(
                                                                                    14,
                                                                                ),
                                                                            ),
                                                                            span: Span {
                                                                                start: 120,
                                                                                end: 121,
                                                                            },
                                                                        },
                                                                        key: Spanned {
                                                                            item: Value(
                                                                                Int(
                                                                                    0,
                                                                                ),
                                                                            ),
                                                                            span: Span {
                                                                                start: 122,
                                                                                end: 124,
                                                                            },
                                                                        },
                                                                    },
                                                                    span: Span {
                                                                        start: 120,
                                                                        end: 125,
                                                                    },
                                                                },
                                                            },
                                                            IfElse {
                                                                cond: Spanned {
                                                                    item: Binop {
                                                                        lhs: Spanned {
                                                                            item: Index {
                                                                                store: Spanned {
                                                                                    item: Value(
                                                                                        Ident(
                                                                                            14,
                                                                                        ),
                                                                                    ),
                                                                                    span: Span {
                                                                                        start: 133,
                                                                                        end: 134,
                                                                                    },
                                                                                },
                                                                                key: Spanned {
                                                                                    item: Value(
                                                                                        Int(
                                                                                            0,
                                                                                        ),
                                                                                    ),
                                                                                    span: Span {
                                                                                        start: 135,
                                                                                        end: 137,
                                                                                    },
                                                                                },
                                                                            },
                                                                            span: Span {
                                                                                start: 133,
                                                                                end: 137,
                                                                            },
                                                                        },
                                                                        op: Lt,
                                                                        rhs: Spanned {
                                                                            item: Unaop {
                                                                                op: Len,
                                                                                expr: Spanned {
                                                                                    item: Value(
                                                                                        Ident(
                                                                                            11,
                                                                                        ),
                                                                                    ),
                                                                                    span: Span {
                                                                                        start: 141,
                                                                                        end: 145,
                                                                                    },
                                                                                },
                                                                            },
                                                                            span: Span {
                                                                                start: 140,
                                                                                end: 147,
                                                                            },
                                                                        },
                                                                    },
                                                                    span: Span {
                                                                        start: 133,
                                                                        end: 147,
                                                                    },
                                                                },
                                                                stmts: [
                                                                    Assign {
                                                                        dest: Spanned {
                                                                            item: Index {
                                                                                store: Spanned {
                                                                                    item: Value(
                                                                                        Ident(
                                                                                            14,
                                                                                        ),
                                                                                    ),
                                                                                    span: Span {
                                                                                        start: 154,
                                                                                        end: 155,
                                                                                    },
                                                                                },
                                                                                key: Spanned {
                                                                                    item: Value(
                                                                                        Int(
                                                                                            0,
                                                                                        ),
                                                                                    ),
                                                                                    span: Span {
                                                                                        start: 156,
                                                                                        end: 158,
                                                                                    },
                                                                                },
                                                                            },
                                                                            span: Span {
                                                                                start: 154,
                                                                                end: 160,
                                                                            },
                                                                        },
                                                                        src: Spanned {
                                                                            item: Binop {
                                                                                lhs: Spanned {
                                                                                    item: Index {
                                                                                        store: Spanned {
                                                                                            item: Value(
                                                                                                Ident(
                                                                                                    14,
                                                                                                ),
                                                                                            ),
                                                                                            span: Span {
                                                                                                start: 161,
                                                                                                end: 162,
                                                                                            },
                                                                                        },
                                                                                        key: Spanned {
                                                                                            item: Value(
                                                                                                Int(
                                                                                                    0,
                                                                                                ),
                                                                                            ),
                                                                                            span: Span {
                                                                                                start: 163,
                                                                                                end: 165,
                                                                                            },
                                                                                        },
                                                                                    },
                                                                                    span: Span {
                                                                                        start: 161,
                                                                                        end: 165,
                                                                                    },
                                                                                },
                                                                                op: Plus,
                                                                                rhs: Spanned {
                                                                                    item: Value(
                                                                                        Int(
                                                                                            1,
                                                                                        ),
                                                                                    ),
                                                                                    span: Span {
                                                                                        start: 168,
                                                                                        end: 170,
                                                                                    },
                                                                                },
                                                                            },
                                                                            span: Span {
                                                                                start: 161,
                                                                                end: 170,
                                                                            },
                                                                        },
                                                                    },
                                                                    Return(
                                                                        Some(
                                                                            Spanned {
                                                                                item: Index {
                                                                                    store: Spanned {
                                                                                        item: Value(
                                                                                            Ident(
                                                                                                11,
                                                                                            ),
                                                                                        ),
                                                                                        span: Span {
                                                                                            start: 184,
                                                                                            end: 188,
                                                                                        },
                                                                                    },
                                                                                    key: Spanned {
                                                                                        item: Value(
                                                                                            Ident(
                                                                                                15,
                                                                                            ),
                                                                                        ),
                                                                                        span: Span {
                                                                                            start: 189,
                                                                                            end: 191,
                                                                                        },
                                                                                    },
                                                                                },
                                                                                span: Span {
                                                                                    start: 184,
                                                                                    end: 192,
                                                                                },
                                                                            },
                                                                        ),
                                                                    ),
                                                                ],
                                                                else_stmts: [
                                                                    Return(
                                                                        Some(
                                                                            Spanned {
                                                                                item: Value(
                                                                                    Symbol(
                                                                                        13,
                                                                                    ),
                                                                                ),
                                                                                span: Span {
                                                                                    start: 219,
                                                                                    end: 229,
                                                                                },
                                                                            },
                                                                        ),
                                                                    ),
                                                                ],
                                                            },
                                                        ],
                                                    },
                                                ),
                                                span: Span {
                                                    start: 105,
                                                    end: 240,
                                                },
                                            },
                                        ),
                                    ),
                                ],
                            },
                        ),
                        span: Span {
                            start: 74,
                            end: 243,
                        },
                    },
                ],
            },
            span: Span {
                start: 54,
                end: 244,
            },
        },
    ),
    Assign {
        dest: Spanned {
            item: Local(
                16,
            ),
            span: Span {
                start: 246,
                end: 253,
            },
        },
        src: Spanned {
            item: Value(
                List(
                    [],
                ),
            ),
            span: Span {
                start: 254,
                end: 257,
            },
        },
    },
    Assign {
        dest: Spanned {
            item: Local(
                17,
            ),
            span: Span {
                start: 258,
                end: 265,
            },
        },
        src: Spanned {
            item: Value(
                Int(
                    0,
                ),
            ),
            span: Span {
                start: 266,
                end: 268,
            },
        },
    },
    ForLoop {
        item: 18,
        store: Spanned {
            item: Value(
                Ident(
                    16,
                ),
            ),
            span: Span {
                start: 282,
                end: 289,
            },
        },
        stmts: [
            Assign {
                dest: Spanned {
                    item: Local(
                        17,
                    ),
                    span: Span {
                        start: 292,
                        end: 299,
                    },
                },
                src: Spanned {
                    item: Binop {
                        lhs: Spanned {
                            item: Value(
                                Ident(
                                    17,
                                ),
                            ),
                            span: Span {
                                start: 300,
                                end: 305,
                            },
                        },
                        op: Plus,
                        rhs: Spanned {
                            item: Value(
                                Int(
                                    1,
                                ),
                            ),
                            span: Span {
                                start: 308,
                                end: 310,
                            },
                        },
                    },
                    span: Span {
                        start: 300,
                        end: 310,
                    },
                },
            },
        ],
    },
    Expr(
        Spanned {
            item: Print(
                Spanned {
                    item: Value(
                        Ident(
                            17,
                        ),
                    ),
                    span: Span {
                        start: 320,
                        end: 326,
                    },
                },
            ),
            span: Span {
                start: 314,
                end: 327,
            },
        },
    ),
]