========= FILE ./src/runtime/tests/fixtures/binding/binding.ast.actual ========
[
    FuncDecl {
        ident: 13,
        inputs: Spanned {
            item: [
                14,
                15,
            ],
            span: Span {
                start: 7,
                end: 12,
            },
        },
        stmts: [
            Return(
                Some(
                    Spanned {
                        item: Binop {
                            lhs: Spanned {
                                item: Value(
                                    Ident(
                                        14,
                                    ),
                                ),
                                span: Span {
                                    start: 24,
                                    end: 25,
                                },
                            },
                            op: Plus,
                            rhs: Spanned {
                                item: Value(
                                    Ident(
                                        15,
                                    ),
                                ),
                                span: Span {
                                    start: 28,
                                    end: 30,
                                },
                            },
                        },
                        span: Span {
                            start: 24,
                            end: 30,
                        },
                    },
                ),
            ),
        ],
    },
    Assign {
        dest: Spanned {
            item: Local(
                16,
            ),
            span: Span {
                start: 34,
                end: 43,
            },
        },
        src: Spanned {
            item: Bind {
                func: Spanned {
                    item: Value(
                        Ident(
                            13,
                        ),
                    ),
                    span: Span {
                        start: 49,
                        end: 53,
                    },
                },
                arg: Spanned {
                    item: Value(
                        Int(
                            2,
                        ),
                    ),
                    span: Span {
                        start: 54,
                        end: 56,
                    },
                },
            },
            span: Span {
                start: 44,
                end: 57,
            },
        },
    },
    Assign {
        dest: Spanned {
            item: Local(
                17,
            ),
            span: Span {
                start: 58,
                end: 69,
            },
        },
        src: Spanned {
            item: Bind {
                func: Spanned {
                    item: Value(
                        Ident(
                            16,
                        ),
                    ),
                    span: Span {
                        start: 75,
                        end: 83,
                    },
                },
                arg: Spanned {
                    item: Value(
                        Int(
                            1,
                        ),
                    ),
                    span: Span {
                        start: 84,
                        end: 86,
                    },
                },
            },
            span: Span {
                start: 70,
                end: 87,
            },
        },
    },
    Assign {
        dest: Spanned {
            item: Local(
                18,
            ),
            span: Span {
                start: 89,
                end: 92,
            },
        },
        src: Spanned {
            item: Value(
                Int(
                    1,
                ),
            ),
            span: Span {
                start: 93,
                end: 95,
            },
        },
    },
    FuncDecl {
        ident: 19,
        inputs: Spanned {
            item: [
                20,
            ],
            span: Span {
                start: 111,
                end: 113,
            },
        },
        stmts: [
            Return(
                Some(
                    Spanned {
                        item: Binop {
                            lhs: Spanned {
                                item: Value(
                                    Ident(
                                        18,
                                    ),
                                ),
                                span: Span {
                                    start: 125,
                                    end: 126,
                                },
                            },
                            op: Plus,
                            rhs: Spanned {
                                item: Value(
                                    Ident(
                                        20,
                                    ),
                                ),
                                span: Span {
                                    start: 129,
                                    end: 131,
                                },
                            },
                        },
                        span: Span {
                            start: 125,
                            end: 131,
                        },
                    },
                ),
            ),
        ],
    },
    Assign {
        dest: Spanned {
            item: Local(
                21,
            ),
            span: Span {
                start: 135,
                end: 150,
            },
        },
        src: Spanned {
            item: Bind {
                func: Spanned {
                    item: Value(
                        Ident(
                            19,
                        ),
                    ),
                    span: Span {
                        start: 156,
                        end: 168,
                    },
                },
                arg: Spanned {
                    item: Value(
                        Int(
                            3,
                        ),
                    ),
                    span: Span {
                        start: 169,
                        end: 171,
                    },
                },
            },
            span: Span {
                start: 151,
                end: 172,
            },
        },
    },
    Expr(
        Spanned {
            item: Print(
                Spanned {
                    item: Call {
                        calle: Spanned {
                            item: Value(
                                Ident(
                                    13,
                                ),
                            ),
                            span: Span {
                                start: 180,
                                end: 183,
                            },
                        },
                        args: [
                            Spanned {
                                item: Value(
                                    Int(
                                        0,
                                    ),
                                ),
                                span: Span {
                                    start: 184,
                                    end: 186,
                                },
                            },
                            Spanned {
                                item: Value(
                                    Int(
                                        1,
                                    ),
                                ),
                                span: Span {
                                    start: 187,
                                    end: 189,
                                },
                            },
                        ],
                    },
                    span: Span {
                        start: 180,
                        end: 190,
                    },
                },
            ),
            span: Span {
                start: 174,
                end: 191,
            },
        },
    ),
    Expr(
        Spanned {
            item: Print(
                Spanned {
                    item: Call {
                        calle: Spanned {
                            item: Value(
                                Ident(
                                    16,
                                ),
                            ),
                            span: Span {
                                start: 198,
                                end: 205,
                            },
                        },
                        args: [
                            Spanned {
                                item: Value(
                                    Int(
                                        0,
                                    ),
                                ),
                                span: Span {
                                    start: 206,
                                    end: 208,
                                },
                            },
                        ],
                    },
                    span: Span {
                        start: 198,
                        end: 209,
                    },
                },
            ),
            span: Span {
                start: 192,
                end: 210,
            },
        },
    ),
    Expr(
        Spanned {
            item: Print(
                Spanned {
                    item: Call {
                        calle: Spanned {
                            item: Value(
                                Ident(
                                    17,
                                ),
                            ),
                            span: Span {
                                start: 217,
                                end: 226,
                            },
                        },
                        args: [],
                    },
                    span: Span {
                        start: 217,
                        end: 229,
                    },
                },
            ),
            span: Span {
                start: 211,
                end: 230,
            },
        },
    ),
    Expr(
        Spanned {
            item: Print(
                Spanned {
                    item: Call {
                        calle: Spanned {
                            item: Value(
                                Ident(
                                    21,
                                ),
                            ),
                            span: Span {
                                start: 237,
                                end: 250,
                            },
                        },
                        args: [],
                    },
                    span: Span {
                        start: 237,
                        end: 253,
                    },
                },
            ),
            span: Span {
                start: 231,
                end: 254,
            },
        },
    ),
]