========= FILE ./src/runtime/tests/fixtures/forloop_with_null/forloop_with_null.ast.actual ========
[
    Expr(
        Spanned {
            item: Call {
                calle: Spanned {
                    item: Value(
                        Ident(
                            10,
                        ),
                    ),
                    span: Span {
                        start: 85,
                        end: 90,
                    },
                },
                args: [
                    Spanned {
                        item: Value(
                            Symbol(
                                6,
                            ),
                        ),
                        span: Span {
                            start: 91,
                            end: 97,
                        },
                    },
                    Spanned {
                        item: Value(
                            Symbol(
                                12,
                            ),
                        ),
                        span: Span {
                            start: 98,
                            end: 104,
                        },
                    },
                    Spanned {
                        item: Value(
                            InlineFunc {
                                inputs: Spanned {
                                    item: [
                                        11,
                                    ],
                                    span: Span {
                                        start: 108,
                                        end: 113,
                                    },
                                },
                                stmts: [
                                    Assign {
                                        dest: Spanned {
                                            item: Local(
                                                14,
                                            ),
                                            span: Span {
                                                start: 118,
                                                end: 121,
                                            },
                                        },
                                        src: Spanned {
                                            item: Value(
                                                List(
                                                    [
                                                        Spanned {
                                                            item: Value(
                                                                Int(
                                                                    0,
                                                                ),
                                                            ),
                                                            span: Span {
                                                                start: 123,
                                                                end: 125,
                                                            },
                                                        },
                                                    ],
                                                ),
                                            ),
                                            span: Span {
                                                start: 122,
                                                end: 126,
                                            },
                                        },
                                    },
                                    Return(
                                        Some(
                                            Spanned {
                                                item: Value(
                                                    InlineFunc {
                                                        inputs: Spanned {
                                                            item: [],
                                                            span: Span {
                                                                start: 139,
                                                                end: 140,
                                                            },
                                                        },
                                                        stmts: [
                                                            Assign {
                                                                dest: Spanned {
                                                                    item: Local(
                                                                        15,
                                                                    ),
                                                                    span: Span {
                                                                        start: 147,
                                                                        end: 150,
                                                                    },
                                                                },
                                                                src: Spanned {
                                                                    item: Index {
                                                                        store: Spanned {
                                                                            item: Value(
                                                                                Ident(
                                                                                    14,
                                                                                ),
                                                                            ),
                                                                            span: Span {
                                                                                start: 151,
                                                                                end: 152,
                                                                            },
                                                                        },
                                                                        key: Spanned {
                                                                            item: Value(
                                                                                Int(
                                                                                    0,
                                                                                ),
                                                                            ),
                                                                            span: Span {
                                                                                start: 153,
                                                                                end: 155,
                                                                            },
                                                                        },
                                                                    },
                                                                    span: Span {
                                                                        start: 151,
                                                                        end: 156,
                                                                    },
                                                                },
                                                            },
                                                            IfElse {
                                                                cond: Spanned {
                                                                    item: Binop {
                                                                        lhs: Spanned {
                                                                            item: Index {
                                                                                store: Spanned {
                                                                                    item: Value(
                                                                                        Ident(
                                                                                            14,
                                                                                        ),
                                                                                    ),
                                                                                    span: Span {
                                                                                        start: 164,
                                                                                        end: 165,
                                                                                    },
                                                                                },
                                                                                key: Spanned {
                                                                                    item: Value(
                                                                                        Int(
                                                                                            0,
                                                                                        ),
                                                                                    ),
                                                                                    span: Span {
                                                                                        start: 166,
                                                                                        end: 168,
                                                                                    },
                                                                                },
                                                                            },
                                                                            span: Span {
                                                                                start: 164,
                                                                                end: 168,
                                                                            },
                                                                        },
                                                                        op: Lt,
                                                                        rhs: Spanned {
                                                                            item: Unaop {
                                                                                op: Len,
                                                                                expr: Spanned {
                                                                                    item: Value(
                                                                                        Ident(
                                                                                            11,
                                                                                        ),
                                                                                    ),
                                                                                    span: Span {
                                                                                        start: 172,
                                                                                        end: 176,
                                                                                    },
                                                                                },
                                                                            },
                                                                            span: Span {
                                                                                start: 171,
                                                                                end: 178,
                                                                            },
                                                                        },
                                                                    },
                                                                    span: Span {
                                                                        start: 164,
                                                                        end: 178,
                                                                    },
                                                                },
                                                                stmts: [
                                                                    Assign {
                                                                        dest: Spanned {
                                                                            item: Index {
                                                                                store: Spanned {
                                                                                    item: Value(
                                                                                        Ident(
                                                                                            14,
                                                                                        ),
                                                                                    ),
                                                                                    span: Span {
                                                                                        start: 185,
                                                                                        end: 186,
                                                                                    },
                                                                                },
                                                                                key: Spanned {
                                                                                    item: Value(
                                                                                        Int(
                                                                                            0,
                                                                                        ),
                                                                                    ),
                                                                                    span: Span {
                                                                                        start: 187,
                                                                                        end: 189,
                                                                                    },
                                                                                },
                                                                            },
                                                                            span: Span {
                                                                                start: 185,
                                                                                end: 191,
                                                                            },
                                                                        },
                                                                        src: Spanned {
                                                                            item: Binop {
                                                                                lhs: Spanned {
                                                                                    item: Index {
                                                                                        store: Spanned {
                                                                                            item: Value(
                                                                                                Ident(
                                                                                                    14,
                                                                                                ),
                                                                                            ),
                                                                                            span: Span {
                                                                                                start: 192,
                                                                                                end: 193,
                                                                                            },
                                                                                        },
                                                                                        key: Spanned {
                                                                                            item: Value(
                                                                                                Int(
                                                                                                    0,
                                                                                                ),
                                                                                            ),
                                                                                            span: Span {
                                                                                                start: 194,
                                                                                                end: 196,
                                                                                            },
                                                                                        },
                                                                                    },
                                                                                    span: Span {
                                                                                        start: 192,
                                                                                        end: 196,
                                                                                    },
                                                                                },
                                                                                op: Plus,
                                                                                rhs: Spanned {
                                                                                    item: Value(
                                                                                        Int(
                                                                                            1,
                                                                                        ),
                                                                                    ),
                                                                                    span: Span {
                                                                                        start: 199,
                                                                                        end: 201,
                                                                                    },
                                                                                },
                                                                            },
                                                                            span: Span {
                                                                                start: 192,
                                                                                end: 201,
                                                                            },
                                                                        },
                                                                    },
                                                                    Return(
                                                                        Some(
                                                                            Spanned {
                                                                                item: Index {
                                                                                    store: Spanned {
                                                                                        item: Value(
                                                                                            Ident(
                                                                                                11,
                                                                                            ),
                                                                                        ),
                                                                                        span: Span {
                                                                                            start: 215,
                                                                                            end: 219,
                                                                                        },
                                                                                    },
                                                                                    key: Spanned {
                                                                                        item: Value(
                                                                                            Ident(
                                                                                                15,
                                                                                            ),
                                                                                        ),
                                                                                        span: Span {
                                                                                            start: 220,
                                                                                            end: 222,
                                                                                        },
                                                                                    },
                                                                                },
                                                                                span: Span {
                                                                                    start: 215,
                                                                                    end: 223,
                                                                                },
                                                                            },
                                                                        ),
                                                                    ),
                                                                ],
                                                                else_stmts: [
                                                                    Return(
                                                                        Some(
                                                                            Spanned {
                                                                                item: Value(
                                                                                    Symbol(
                                                                                        13,
                                                                                    ),
                                                                                ),
                                                                                span: Span {
                                                                                    start: 250,
                                                                                    end: 260,
                                                                                },
                                                                            },
                                                                        ),
                                                                    ),
                                                                ],
                                                            },
                                                        ],
                                                    },
                                                ),
                                                span: Span {
                                                    start: 136,
                                                    end: 271,
                                                },
                                            },
                                        ),
                                    ),
                                ],
                            },
                        ),
                        span: Span {
                            start: 105,
                            end: 274,
                        },
                    },
                ],
            },
            span: Span {
                start: 85,
                end: 275,
            },
        },
    ),
    Assign {
        dest: Spanned {
            item: Local(
                16,
            ),
            span: Span {
                start: 318,
                end: 330,
            },
        },
        src: Spanned {
            item: Value(
                List(
                    [
                        Spanned {
                            item: Value(
                                Int(
                                    1,
                                ),
                            ),
                            span: Span {
                                start: 332,
                                end: 334,
                            },
                        },
                        Spanned {
                            item: Value(
                                Null,
                            ),
                            span: Span {
                                start: 335,
                                end: 340,
                            },
                        },
                        Spanned {
                            item: Value(
                                String(
                                    SegmentedString {
                                        segments: [
                                            String(
                                                "hello",
                                            ),
                                        ],
                                    },
                                ),
                            ),
                            span: Span {
                                start: 341,
                                end: 349,
                            },
                        },
                        Spanned {
                            item: Value(
                                Null,
                            ),
                            span: Span {
                                start: 350,
                                end: 355,
                            },
                        },
                        Spanned {
                            item: Value(
                                Bool(
                                    true,
                                ),
                            ),
                            span: Span {
                                start: 356,
                                end: 361,
                            },
                        },
                        Spanned {
                            item: Value(
                                Bool(
                                    false,
                                ),
                            ),
                            span: Span {
                                start: 362,
                                end: 368,
                            },
                        },
                        Spanned {
                            item: Value(
                                Null,
                            ),
                            span: Span {
                                start: 369,
                                end: 374,
                            },
                        },
                        Spanned {
                            item: Value(
                                Int(
                                    42,
                                ),
                            ),
                            span: Span {
                                start: 375,
                                end: 378,
                            },
                        },
                    ],
                ),
            ),
            span: Span {
                start: 331,
                end: 379,
            },
        },
    },
    Assign {
        dest: Spanned {
            item: Local(
                17,
            ),
            span: Span {
                start: 381,
                end: 388,
            },
        },
        src: Spanned {
            item: Value(
                Int(
                    0,
                ),
            ),
            span: Span {
                start: 389,
                end: 391,
            },
        },
    },
    ForLoop {
        item: 18,
        store: Spanned {
            item: Value(
                Ident(
                    16,
                ),
            ),
            span: Span {
                start: 401,
                end: 413,
            },
        },
        stmts: [
            Assign {
                dest: Spanned {
                    item: Local(
                        17,
                    ),
                    span: Span {
                        start: 416,
                        end: 423,
                    },
                },
                src: Spanned {
                    item: Binop {
                        lhs: Spanned {
                            item: Value(
                                Ident(
                                    17,
                                ),
                            ),
                            span: Span {
                                start: 424,
                                end: 429,
                            },
                        },
                        op: Plus,
                        rhs: Spanned {
                            item: Value(
                                Int(
                                    1,
                                ),
                            ),
                            span: Span {
                                start: 432,
                                end: 434,
                            },
                        },
                    },
                    span: Span {
                        start: 424,
                        end: 434,
                    },
                },
            },
        ],
    },
    Expr(
        Spanned {
            item: Print(
                Spanned {
                    item: Value(
                        Ident(
                            17,
                        ),
                    ),
                    span: Span {
                        start: 497,
                        end: 503,
                    },
                },
            ),
            span: Span {
                start: 491,
                end: 504,
            },
        },
    ),
]