========= FILE ./src/runtime/tests/fixtures/forloop_with_null/forloop_with_null.bytecode.actual ========
=== FN 2 START ===
LDUV 4, 0
INT  3, 0
MEML 2, 4[3]
MEML 5, 4[3]
LDUV 1, 1
LEN 0, 1
LT   0, 5, 0
JNT  7, 0
MEML 5, 4[3]
INT  0, 1
ADD  0, 5, 0
MEMS 4[3], 0
MEML 0, 1[2]
RTN  0
SYM  0, #13
RTN  0
=== END ===
=== FN 1 START ===
LIST 2
INT  1, 0
PUSH 2, 1
LOC  1, 0
STUV 1, 2
STUV 1, 0
RTN  1
=== END ===
=== FN 0 START ===
SYM  2, #6
SYM  4, #12
LOC  1, 0
SYM  0, #10
ARG  2
ARG  4
ARG  1
CALL 0, 0
LIST 1
INT  3, 1
PUSH 1, 3
LDN  2
PUSH 1, 2
LOC  0, 1
PUSH 1, 0
PUSH 1, 2
BOOL 0, true
PUSH 1, 0
BOOL 0, false
PUSH 1, 0
PUSH 1, 2
INT  0, 42
PUSH 1, 0
INT  0, 0
MEML 1, 1[4]
CALL 1, 1
CALL 5, 1
SYM  4, #13
EQ   4, 5, 4
JIT  3, 4
ADD  0, 0, 3
JMP  -5
OUT  0
RTN  2
=== END ===
