========= FILE ./src/runtime/tests/fixtures/forloop_nested/forloop_nested.ast.actual ========
[
    Expr(
        Spanned {
            item: Call {
                calle: Spanned {
                    item: Value(
                        Ident(
                            10,
                        ),
                    ),
                    span: Span {
                        start: 20,
                        end: 25,
                    },
                },
                args: [
                    Spanned {
                        item: Value(
                            Symbol(
                                6,
                            ),
                        ),
                        span: Span {
                            start: 26,
                            end: 32,
                        },
                    },
                    Spanned {
                        item: Value(
                            Symbol(
                                12,
                            ),
                        ),
                        span: Span {
                            start: 33,
                            end: 39,
                        },
                    },
                    Spanned {
                        item: Value(
                            InlineFunc {
                                inputs: Spanned {
                                    item: [
                                        11,
                                    ],
                                    span: Span {
                                        start: 43,
                                        end: 48,
                                    },
                                },
                                stmts: [
                                    Assign {
                                        dest: Spanned {
                                            item: Local(
                                                14,
                                            ),
                                            span: Span {
                                                start: 53,
                                                end: 56,
                                            },
                                        },
                                        src: Spanned {
                                            item: Value(
                                                List(
                                                    [
                                                        Spanned {
                                                            item: Value(
                                                                Int(
                                                                    0,
                                                                ),
                                                            ),
                                                            span: Span {
                                                                start: 58,
                                                                end: 60,
                                                            },
                                                        },
                                                    ],
                                                ),
                                            ),
                                            span: Span {
                                                start: 57,
                                                end: 61,
                                            },
                                        },
                                    },
                                    Return(
                                        Some(
                                            Spanned {
                                                item: Value(
                                                    InlineFunc {
                                                        inputs: Spanned {
                                                            item: [],
                                                            span: Span {
                                                                start: 74,
                                                                end: 75,
                                                            },
                                                        },
                                                        stmts: [
                                                            Assign {
                                                                dest: Spanned {
                                                                    item: Local(
                                                                        15,
                                                                    ),
                                                                    span: Span {
                                                                        start: 82,
                                                                        end: 85,
                                                                    },
                                                                },
                                                                src: Spanned {
                                                                    item: Index {
                                                                        store: Spanned {
                                                                            item: Value(
                                                                                Ident(
                                                                                    14,
                                                                                ),
                                                                            ),
                                                                            span: Span {
                                                                                start: 86,
                                                                                end: 87,
                                                                            },
                                                                        },
                                                                        key: Spanned {
                                                                            item: Value(
                                                                                Int(
                                                                                    0,
                                                                                ),
                                                                            ),
                                                                            span: Span {
                                                                                start: 88,
                                                                                end: 90,
                                                                            },
                                                                        },
                                                                    },
                                                                    span: Span {
                                                                        start: 86,
                                                                        end: 91,
                                                                    },
                                                                },
                                                            },
                                                            IfElse {
                                                                cond: Spanned {
                                                                    item: Binop {
                                                                        lhs: Spanned {
                                                                            item: Index {
                                                                                store: Spanned {
                                                                                    item: Value(
                                                                                        Ident(
                                                                                            14,
                                                                                        ),
                                                                                    ),
                                                                                    span: Span {
                                                                                        start: 99,
                                                                                        end: 100,
                                                                                    },
                                                                                },
                                                                                key: Spanned {
                                                                                    item: Value(
                                                                                        Int(
                                                                                            0,
                                                                                        ),
                                                                                    ),
                                                                                    span: Span {
                                                                                        start: 101,
                                                                                        end: 103,
                                                                                    },
                                                                                },
                                                                            },
                                                                            span: Span {
                                                                                start: 99,
                                                                                end: 103,
                                                                            },
                                                                        },
                                                                        op: Lt,
                                                                        rhs: Spanned {
                                                                            item: Unaop {
                                                                                op: Len,
                                                                                expr: Spanned {
                                                                                    item: Value(
                                                                                        Ident(
                                                                                            11,
                                                                                        ),
                                                                                    ),
                                                                                    span: Span {
                                                                                        start: 107,
                                                                                        end: 111,
                                                                                    },
                                                                                },
                                                                            },
                                                                            span: Span {
                                                                                start: 106,
                                                                                end: 113,
                                                                            },
                                                                        },
                                                                    },
                                                                    span: Span {
                                                                        start: 99,
                                                                        end: 113,
                                                                    },
                                                                },
                                                                stmts: [
                                                                    Assign {
                                                                        dest: Spanned {
                                                                            item: Index {
                                                                                store: Spanned {
                                                                                    item: Value(
                                                                                        Ident(
                                                                                            14,
                                                                                        ),
                                                                                    ),
                                                                                    span: Span {
                                                                                        start: 120,
                                                                                        end: 121,
                                                                                    },
                                                                                },
                                                                                key: Spanned {
                                                                                    item: Value(
                                                                                        Int(
                                                                                            0,
                                                                                        ),
                                                                                    ),
                                                                                    span: Span {
                                                                                        start: 122,
                                                                                        end: 124,
                                                                                    },
                                                                                },
                                                                            },
                                                                            span: Span {
                                                                                start: 120,
                                                                                end: 126,
                                                                            },
                                                                        },
                                                                        src: Spanned {
                                                                            item: Binop {
                                                                                lhs: Spanned {
                                                                                    item: Index {
                                                                                        store: Spanned {
                                                                                            item: Value(
                                                                                                Ident(
                                                                                                    14,
                                                                                                ),
                                                                                            ),
                                                                                            span: Span {
                                                                                                start: 127,
                                                                                                end: 128,
                                                                                            },
                                                                                        },
                                                                                        key: Spanned {
                                                                                            item: Value(
                                                                                                Int(
                                                                                                    0,
                                                                                                ),
                                                                                            ),
                                                                                            span: Span {
                                                                                                start: 129,
                                                                                                end: 131,
                                                                                            },
                                                                                        },
                                                                                    },
                                                                                    span: Span {
                                                                                        start: 127,
                                                                                        end: 131,
                                                                                    },
                                                                                },
                                                                                op: Plus,
                                                                                rhs: Spanned {
                                                                                    item: Value(
                                                                                        Int(
                                                                                            1,
                                                                                        ),
                                                                                    ),
                                                                                    span: Span {
                                                                                        start: 134,
                                                                                        end: 136,
                                                                                    },
                                                                                },
                                                                            },
                                                                            span: Span {
                                                                                start: 127,
                                                                                end: 136,
                                                                            },
                                                                        },
                                                                    },
                                                                    Return(
                                                                        Some(
                                                                            Spanned {
                                                                                item: Index {
                                                                                    store: Spanned {
                                                                                        item: Value(
                                                                                            Ident(
                                                                                                11,
                                                                                            ),
                                                                                        ),
                                                                                        span: Span {
                                                                                            start: 150,
                                                                                            end: 154,
                                                                                        },
                                                                                    },
                                                                                    key: Spanned {
                                                                                        item: Value(
                                                                                            Ident(
                                                                                                15,
                                                                                            ),
                                                                                        ),
                                                                                        span: Span {
                                                                                            start: 155,
                                                                                            end: 157,
                                                                                        },
                                                                                    },
                                                                                },
                                                                                span: Span {
                                                                                    start: 150,
                                                                                    end: 158,
                                                                                },
                                                                            },
                                                                        ),
                                                                    ),
                                                                ],
                                                                else_stmts: [
                                                                    Return(
                                                                        Some(
                                                                            Spanned {
                                                                                item: Value(
                                                                                    Symbol(
                                                                                        13,
                                                                                    ),
                                                                                ),
                                                                                span: Span {
                                                                                    start: 185,
                                                                                    end: 195,
                                                                                },
                                                                            },
                                                                        ),
                                                                    ),
                                                                ],
                                                            },
                                                        ],
                                                    },
                                                ),
                                                span: Span {
                                                    start: 71,
                                                    end: 206,
                                                },
                                            },
                                        ),
                                    ),
                                ],
                            },
                        ),
                        span: Span {
                            start: 40,
                            end: 209,
                        },
                    },
                ],
            },
            span: Span {
                start: 20,
                end: 210,
            },
        },
    ),
    Assign {
        dest: Spanned {
            item: Local(
                16,
            ),
            span: Span {
                start: 212,
                end: 218,
            },
        },
        src: Spanned {
            item: Value(
                List(
                    [
                        Spanned {
                            item: Value(
                                List(
                                    [
                                        Spanned {
                                            item: Value(
                                                Int(
                                                    1,
                                                ),
                                            ),
                                            span: Span {
                                                start: 221,
                                                end: 223,
                                            },
                                        },
                                        Spanned {
                                            item: Value(
                                                Int(
                                                    2,
                                                ),
                                            ),
                                            span: Span {
                                                start: 224,
                                                end: 226,
                                            },
                                        },
                                        Spanned {
                                            item: Value(
                                                Int(
                                                    3,
                                                ),
                                            ),
                                            span: Span {
                                                start: 227,
                                                end: 229,
                                            },
                                        },
                                    ],
                                ),
                            ),
                            span: Span {
                                start: 220,
                                end: 230,
                            },
                        },
                        Spanned {
                            item: Value(
                                List(
                                    [
                                        Spanned {
                                            item: Value(
                                                Int(
                                                    4,
                                                ),
                                            ),
                                            span: Span {
                                                start: 232,
                                                end: 234,
                                            },
                                        },
                                        Spanned {
                                            item: Value(
                                                Int(
                                                    5,
                                                ),
                                            ),
                                            span: Span {
                                                start: 235,
                                                end: 237,
                                            },
                                        },
                                        Spanned {
                                            item: Value(
                                                Int(
                                                    6,
                                                ),
                                            ),
                                            span: Span {
                                                start: 238,
                                                end: 240,
                                            },
                                        },
                                    ],
                                ),
                            ),
                            span: Span {
                                start: 231,
                                end: 241,
                            },
                        },
                        Spanned {
                            item: Value(
                                List(
                                    [
                                        Spanned {
                                            item: Value(
                                                Int(
                                                    7,
                                                ),
                                            ),
                                            span: Span {
                                                start: 243,
                                                end: 245,
                                            },
                                        },
                                        Spanned {
                                            item: Value(
                                                Int(
                                                    8,
                                                ),
                                            ),
                                            span: Span {
                                                start: 246,
                                                end: 248,
                                            },
                                        },
                                        Spanned {
                                            item: Value(
                                                Int(
                                                    9,
                                                ),
                                            ),
                                            span: Span {
                                                start: 249,
                                                end: 251,
                                            },
                                        },
                                    ],
                                ),
                            ),
                            span: Span {
                                start: 242,
                                end: 252,
                            },
                        },
                    ],
                ),
            ),
            span: Span {
                start: 219,
                end: 253,
            },
        },
    },
    ForLoop {
        item: 17,
        store: Spanned {
            item: Value(
                Ident(
                    16,
                ),
            ),
            span: Span {
                start: 266,
                end: 272,
            },
        },
        stmts: [
            ForLoop {
                item: 18,
                store: Spanned {
                    item: Value(
                        Ident(
                            17,
                        ),
                    ),
                    span: Span {
                        start: 287,
                        end: 292,
                    },
                },
                stmts: [
                    Expr(
                        Spanned {
                            item: Print(
                                Spanned {
                                    item: Value(
                                        Ident(
                                            18,
                                        ),
                                    ),
                                    span: Span {
                                        start: 303,
                                        end: 308,
                                    },
                                },
                            ),
                            span: Span {
                                start: 297,
                                end: 309,
                            },
                        },
                    ),
                ],
            },
        ],
    },
]