========= FILE ./src/runtime/tests/fixtures/forloop_nested/forloop_nested.bytecode.actual ========
=== FN 2 START ===
LDUV 4, 0
INT  3, 0
MEML 2, 4[3]
MEML 5, 4[3]
LDUV 1, 1
LEN 0, 1
LT   0, 5, 0
JNT  7, 0
MEML 5, 4[3]
INT  0, 1
ADD  0, 5, 0
MEMS 4[3], 0
MEML 0, 1[2]
RTN  0
SYM  0, #13
RTN  0
=== END ===
=== FN 1 START ===
LIST 2
INT  1, 0
PUSH 2, 1
LOC  1, 0
STUV 1, 2
STUV 1, 0
RTN  1
=== END ===
=== FN 0 START ===
SYM  2, #6
SYM  5, #12
LOC  1, 0
SYM  0, #10
ARG  2
ARG  5
ARG  1
CALL 0, 0
LIST 2
LIST 1
INT  0, 1
PUSH 1, 0
INT  0, 2
PUSH 1, 0
INT  0, 3
PUSH 1, 0
PUSH 2, 1
LIST 1
INT  0, 4
PUSH 1, 0
INT  0, 5
PUSH 1, 0
INT  0, 6
PUSH 1, 0
PUSH 2, 1
LIST 1
INT  0, 7
PUSH 1, 0
INT  0, 8
PUSH 1, 0
INT  0, 9
PUSH 1, 0
PUSH 2, 1
MEML 0, 2[5]
CALL 4, 0
CALL 1, 4
SYM  3, #13
EQ   0, 1, 3
JIT  9, 0
MEML 0, 1[5]
CALL 2, 0
CALL 1, 2
EQ   0, 1, 3
JIT  3, 0
OUT  1
JMP  -4
JMP  -11
LDN  0
RTN  0
=== END ===
