========= FILE ./src/runtime/tests/fixtures/float_intrinsic/float_intrinsic.bytecode.actual ========
=== FN 0 START ===
LIST 2
INT  0, 123
PUSH 2, 0
LOC  0, 0
PUSH 2, 0
LDN  1
PUSH 2, 1
BOOL 0, false
PUSH 2, 0
BOOL 0, true
PUSH 2, 0
LOC  0, 1
PUSH 2, 0
LOC  0, 2
PUSH 2, 0
LOC  0, 3
PUSH 2, 0
LOC  0, 4
PUSH 2, 0
INT  0, 0
LEN 3, 2
LT   3, 0, 3
JNT  9, 3
MEML 4, 2[0]
SYM  3, #1
ARG  4
CALL 3, 3
OUT  3
INT  3, 1
ADD  0, 0, 3
JMP  -10
RTN  1
=== END ===
