========= FILE ./src/runtime/tests/fixtures/calling_non_func/calling_non_func.ast.actual ========
[
    Expr(
        Spanned {
            item: Call {
                calle: Spanned {
                    item: Value(
                        String(
                            SegmentedString {
                                segments: [
                                    String(
                                        "don't try this at home kids",
                                    ),
                                ],
                            },
                        ),
                    ),
                    span: Span {
                        start: 0,
                        end: 30,
                    },
                },
                args: [],
            },
            span: Span {
                start: 0,
                end: 32,
            },
        },
    ),
]