fn1 () {
block0:
  t0 = #test
  LOAD_GLB t1, t0
  PRINT t1
  LOAD_GLB t4, t0
  t5 = 1
  t6 = t4 + t5
  STORE_GLB t0, t6
  LOAD_GLB t9, t0
  t10 = 10
  t11 = t9 >= t10
  jnt t11 block2
  next block1

block1:
  RETURN t12

block2:
  t13 = #b
  LOAD_GLB t14, t13
  t15 = CALL t14
  t16 = null
  RETURN t16

}
fn2 () {
block0:
  t0 = #test
  LOAD_GLB t1, t0
  PRINT t1
  LOAD_GLB t4, t0
  t5 = 1
  t6 = t4 + t5
  STORE_GLB t0, t6
  t8 = #c
  LOAD_GLB t9, t8
  t10 = CALL t9
  t11 = null
  RETURN t11

}
fn3 () {
block0:
  t0 = #test
  LOAD_GLB t1, t0
  PRINT t1
  LOAD_GLB t4, t0
  t5 = 1
  t6 = t4 + t5
  STORE_GLB t0, t6
  t8 = #a
  LOAD_GLB t9, t8
  t10 = CALL t9
  t11 = null
  RETURN t11

}
MAIN () {
block0:
  t0 = 0
  t1 = #test
  STORE_GLB t1, t0
  t2 = fn1
  t3 = #a
  STORE_GLB t3, t2
  t4 = fn2
  t5 = #b
  STORE_GLB t5, t4
  t6 = fn3
  t7 = #c
  STORE_GLB t7, t6
  LOAD_GLB t9, t3
  t10 = CALL t9
  t11 = null
  RETURN t11

}
