[
    Assign {
        dest: Spanned {
            item: Local(
                24,
            ),
            span: Span {
                start: 0,
                end: 3,
            },
        },
        src: Spanned {
            item: Value(
                Int(
                    1,
                ),
            ),
            span: Span {
                start: 4,
                end: 6,
            },
        },
    },
    Assign {
        dest: Spanned {
            item: Local(
                25,
            ),
            span: Span {
                start: 7,
                end: 10,
            },
        },
        src: Spanned {
            item: Value(
                Int(
                    2,
                ),
            ),
            span: Span {
                start: 11,
                end: 13,
            },
        },
    },
    IfElse {
        cond: Spanned {
            item: Binop {
                lhs: Spanned {
                    item: Value(
                        Ident(
                            24,
                        ),
                    ),
                    span: Span {
                        start: 18,
                        end: 19,
                    },
                },
                op: Equal,
                rhs: Spanned {
                    item: Value(
                        Ident(
                            25,
                        ),
                    ),
                    span: Span {
                        start: 23,
                        end: 26,
                    },
                },
            },
            span: Span {
                start: 18,
                end: 26,
            },
        },
        stmts: [
            Assign {
                dest: Spanned {
                    item: Local(
                        26,
                    ),
                    span: Span {
                        start: 29,
                        end: 32,
                    },
                },
                src: Spanned {
                    item: Value(
                        Int(
                            1,
                        ),
                    ),
                    span: Span {
                        start: 33,
                        end: 35,
                    },
                },
            },
            Assign {
                dest: Spanned {
                    item: Local(
                        27,
                    ),
                    span: Span {
                        start: 38,
                        end: 43,
                    },
                },
                src: Spanned {
                    item: Value(
                        String(
                            "uh oh",
                        ),
                    ),
                    span: Span {
                        start: 44,
                        end: 52,
                    },
                },
            },
        ],
        else_stmts: [
            Assign {
                dest: Spanned {
                    item: Local(
                        27,
                    ),
                    span: Span {
                        start: 64,
                        end: 69,
                    },
                },
                src: Spanned {
                    item: Value(
                        String(
                            "things seem to be working?",
                        ),
                    ),
                    span: Span {
                        start: 70,
                        end: 99,
                    },
                },
            },
        ],
    },
    Expr(
        Spanned {
            item: Print(
                Spanned {
                    item: Value(
                        Ident(
                            27,
                        ),
                    ),
                    span: Span {
                        start: 109,
                        end: 113,
                    },
                },
            ),
            span: Span {
                start: 103,
                end: 114,
            },
        },
    ),
]