========= FILE ./src/runtime/tests/fixtures/forloop_accumulator/forloop_accumulator.ir.actual ========
fn2 () {
block0:
  LOAD_UPVAL i_0
  t1 = 0
  n_0 = i_0[t1]
  t5 = i_0[t1]
  LOAD_UPVAL self_0
  t7 =  # self_0
  t8 = t5 < t7
  jnt t8 block3
  next block1

block1:
  t10 = i_0[t1]
  t11 = 1
  t12 = t10 + t11
  i_0[t1] = t12
  t14 = self_0[n_0]
  RETURN t14

block3:
  t15 = null
  RETURN t15

}
fn1 (self_0) {
block0:
  t1 = NEW_LIST
  t2 = 0
  t1 << t2
  t5 = fn2
  STORE_UPVAL t5, t1
  STORE_UPVAL t5, self_0
  RETURN t5

}
MAIN () {
block0:
  t0 = #list
  t1 = #iter
  t2 = fn1
  patch_0 = #patch
  STORE_ARG t0
  STORE_ARG t1
  STORE_ARG t2
  t4 = CALL patch_0
  t5 = NEW_LIST
  t6 = 10
  t5 << t6
  t8 = 20
  t5 << t8
  t10 = 30
  t5 << t10
  t12 = 40
  t5 << t12
  t14 = 50
  t5 << t14
  sum_0 = 0
  t20 = t5[t1]
  t21 = CALL t20
  next block1(sum_0)

block1(sum_1):
  n_0 = CALL t21
  t23 = null
  t24 = n_0 == t23
  jit t24 block3
  next block2

block2:
  sum_2 = sum_1 + n_0
  jump block1(sum_2)

block3:
  PRINT sum_1
  RETURN t23

}
