OPT=true
%%%%
// these instructions are all dead
a = 12345;
a = "foo";
a = 1 + 1;
a = @my_global;
a = a[0];
a = x.y;
a = a * a;

// can't remove these instructions due to side effects
b = fn() {};
b = b();
b[0] = 0;
b = read;
print(b);

%%%%

fn1 () {
block0:

}
MAIN () {
block0:
  b_0 = fn(1)
  b_1 = call b_0
  t5 = 0
  b_1[t5] = t5
  b_2 = read
  print b_2

}
