fn1 (n_0) {
block0:
  primes_0 = NEW_LIST
  i_0 = 2
  next block1(i_0)

block1(i_1):
  t5 = i_1 <= n_0
  jnt t5 block3
  next block2

block2:
  t6 = true
  push_1 = #push
  STORE_ARG primes_0
  STORE_ARG t6
  t8 = CALL push_1
  t9 = 1
  i_8 = i_1 + t9
  jump block1(i_8)

block3:
  next block4(i_0)

block4(i_3):
  t12 = i_3 <= n_0
  jnt t12 block11
  next block5

block5:
  t14 = i_3 - i_0
  t15 = primes_0[t14]
  jnt t15 block10
  next block6

block6:
  k_0 = i_3 * i_0
  next block7(k_0)

block7(k_1):
  t19 = k_1 <= n_0
  jnt t19 block9
  next block8

block8:
  t20 = false
  t22 = k_1 - i_0
  primes_0[t22] = t20
  k_2 = i_3 + k_1
  jump block7(k_2)

block9:
  next block10

block10:
  t24 = 1
  i_7 = i_3 + t24
  jump block4(i_7)

block11:
  result_0 = NEW_LIST
  next block12(i_0)

block12(i_5):
  t29 = i_5 <= n_0
  jnt t29 block16
  next block13

block13:
  t31 = i_5 - i_0
  t32 = primes_0[t31]
  jnt t32 block15
  next block14

block14:
  push_0 = #push
  STORE_ARG result_0
  STORE_ARG i_5
  t33 = CALL push_0
  next block15

block15:
  t34 = 1
  i_6 = i_5 + t34
  jump block12(i_6)

block16:
  RETURN result_0

}
MAIN () {
block0:
  eratosthenes_0 = fn1
  t1 = 1000
  STORE_ARG t1
  t2 = CALL eratosthenes_0
  PRINT t2
  t4 = null
  RETURN t4

}
