========= FILE ./src/runtime/tests/fixtures/basic_map_usage/basic_map_usage.bytecode.actual ========
=== FN 0 START ===
MAP  1
INT  0, 1
SYM  3, #14
MEMS 1[3], 0
OUT  1
INT  2, 2
MEMS 1[3], 2
OUT  1
SYM  4, #13
MEMS 1[4], 0
INT  0, 3
SYM  2, #15
MEMS 1[2], 0
MEML 0, 1[4]
OUT  0
MEML 0, 1[3]
OUT  0
MEML 0, 1[2]
OUT  0
SYM  0, #16
MEML 0, 1[0]
OUT  0
LDN  0
RTN  0
=== END ===
