=== FN 0 START ===
MAP  3
INT  2, 0
LIST 0
MEMS 0[2], 2
INT  1, 1
MEMS 0[1], 2
MEMS 3[0], 2
LIST 0
MEMS 0[2], 2
MEMS 0[1], 1
MEMS 3[0], 1
INT  4, 2
LIST 0
MEMS 0[2], 1
MEMS 0[1], 2
MEMS 3[0], 4
INT  4, 3
LIST 0
MEMS 0[2], 1
MEMS 0[1], 1
MEMS 3[0], 4
OUT  3
LIST 0
MEMS 0[2], 2
MEMS 0[1], 2
MEML 0, 3[0]
OUT  0
LIST 0
MEMS 0[2], 2
MEMS 0[1], 1
MEML 0, 3[0]
OUT  0
LIST 0
MEMS 0[2], 1
MEMS 0[1], 2
MEML 0, 3[0]
OUT  0
LIST 0
MEMS 0[2], 1
MEMS 0[1], 1
MEML 0, 3[0]
OUT  0
LDN  0
RTN  0
=== END ===
